### Result
{"format":"duckfly-guided-acceptance","version":1,"checks":["12 rendered-camera physical examples and GF disconnection","Eye cover invalidates decoder evidence while preserving an existing GF hold","Gaze controls move physical beacon and occluder; covered target removes drive","Switchboard cuts real commands and selected neural groups; reconnect works",{"check":"Body nudge and circuit feedback control","before":{"id":"duck-1","position":[0.04142608807879601,0.01711081073052955,0.11987385907523819],"headPose":[0.03813651409361632,0.025364529100767974,0.2345790945993777,-0.7382867830431725,0.015687820089935224,0.6740775871386158,-0.01749070615987198],"cameraPose":[0.11253921835155382,0.026031869381144074,0.2433506740442899,0.5344153876836155,0.46555186894395323,-0.4877377968792088,-0.5096797938168418],"command":[0.3,0.3252379703874334],"distance":0.059605310018956296,"speed":0.13119130831080397,"tilt":4.1969401632077465,"contacts":[true,false],"fallen":false},"after":{"id":"duck-1","position":[-0.06408752843532174,0.046901847306598576,0.08398332475370872],"headPose":[-0.023540873696641228,-0.05841251341866609,0.10757981632672796,-0.6181795922208576,-0.4859414768685479,-0.11641065731829568,0.6067647251473927],"cameraPose":[0.012722671220805393,-0.013874160927279174,0.05947120153399429,-0.008071529913990134,-0.26129774836140574,-0.42592727874570635,0.8661664333870163],"command":[0,0.5404509042046061],"distance":0.19798079225451298,"speed":0.43363985282881434,"tilt":8.581581554020872,"contacts":[false,false],"fallen":false}},{"check":"Layout","width":1400,"height":960,"boxes":{"eye":{"top":278,"bottom":433,"height":155},"brain-plot":{"top":527.5,"bottom":659.5,"height":132},"guided-lab":{"top":745.40625,"bottom":927,"height":181.59375},"arena":{"top":182,"bottom":680.40625,"height":498.40625}}},{"check":"Layout","width":1024,"height":768,"boxes":{"eye":{"top":270,"bottom":368,"height":98},"brain-plot":{"top":454.5,"bottom":534.5,"height":80},"guided-lab":{"top":553.40625,"bottom":735,"height":181.59375},"arena":{"top":182,"bottom":488.40625,"height":306.40625}}},{"check":"Layout","width":390,"height":844,"boxes":{"eye":{"top":615,"bottom":702,"height":87},"brain-plot":{"top":597.5,"bottom":678.5,"height":81},"guided-lab":{"top":319,"bottom":545.1875,"height":226.1875},"arena":{"top":158,"bottom":268,"height":110}}}],"trials":[{"variant":"incoming","condition":"hold","tick":250,"contacts":0,"body":{"id":"duck-1","position":[0.010457922427979115,0.0015942885195557842,0.1144392809918708],"headPose":[0.010030918739791242,0.0010753303946097713,0.23046013662014408,-0.7504939188819414,-0.024248889464601388,0.6601841672709851,-0.01810343518994693],"cameraPose":[0.08458572696823217,0.005329057261583353,0.23651279947742684,0.5434804010662698,0.4839672556859705,-0.44967414733264516,-0.5178782774951052],"command":[0.3,0.39288506227442604],"distance":0.013158250712271941,"speed":0.03207329475324865,"tilt":0.6647021579412311,"contacts":[true,true],"fallen":false},"loop":{"mode":"hold","risk":0.2928360172504796,"fresh":true,"threshold":0.98,"held":false,"triggers":1,"gfEvents":1,"releases":1,"clearSeconds":0.5599999999999996}},{"variant":"incoming","condition":"timer","tick":250,"contacts":2,"body":{"id":"duck-1","position":[0.19418991671366126,0.022334704958850114,0.11647216647643567],"headPose":[0.20156781284284928,0.022420820854520608,0.2342444468816749,-0.7788846949166773,-0.08709135248426554,0.6156490166673528,-0.08203667852574467],"cameraPose":[0.27438108574260084,0.03999935338990661,0.23270469578782824,0.6087633412295729,0.4969124804406469,-0.37374670859198283,-0.4927459578464228],"command":[0,0],"distance":0.4260756488988213,"speed":0.000233964350192601,"tilt":0.5385033194598223,"contacts":[true,true],"fallen":false},"loop":{"mode":"timer","risk":0.00002293286663064336,"fresh":true,"threshold":0.98,"held":false,"triggers":2,"gfEvents":2,"releases":0,"clearSeconds":0.20000000000000018}},{"variant":"incoming","condition":"gf-off","tick":250,"contacts":2,"body":{"id":"duck-1","position":[0.23137698890450784,0.05199173608500103,0.11691153688998115],"headPose":[0.23190909217284722,0.04810397166701815,0.23321754059535094,-0.7627166284644236,-0.10148141227445308,0.637662299637523,-0.03676491870835201],"cameraPose":[0.30553191082674885,0.0616618645921484,0.23621961700806265,0.565318823439382,0.5226535309643544,-0.37913714139704735,-0.5133253767824868],"command":[0.3,-0.008053876222055134],"distance":0.8374911424591801,"speed":0.14601187158199097,"tilt":1.9131547801157207,"contacts":[false,true],"fallen":false},"loop":{"mode":"hold","risk":0.0000015603467518077624,"fresh":true,"threshold":0.98,"held":false,"triggers":1,"gfEvents":0,"releases":0,"clearSeconds":0.35999999999999943}},{"variant":"near-miss","condition":"hold","tick":250,"contacts":0,"body":{"id":"duck-1","position":[0.22870144658113195,-0.21822455321614714,0.11995467151741858],"headPose":[0.22925966979590143,-0.2261114457098588,0.23796651408514669,-0.6138879505995867,0.36670706437536643,0.487420849139144,0.5010872467647871],"cameraPose":[0.24644992977836389,-0.2989351508898733,0.23417820635055175,-0.07976214260420214,-0.08535753578916042,0.6039596396468272,0.7884065229111581],"command":[0.3,-0.6058738623914807],"distance":0.5278805047230831,"speed":0.10210292066357086,"tilt":2.449524764889854,"contacts":[true,false],"fallen":false},"loop":{"mode":"hold","risk":0.0000010923812521355338,"fresh":true,"threshold":0.98,"held":false,"triggers":1,"gfEvents":1,"releases":1,"clearSeconds":1.3599999999999999}},{"variant":"near-miss","condition":"timer","tick":250,"contacts":0,"body":{"id":"duck-1","position":[0.24489752136932666,-0.255260836172445,0.1197527048603262],"headPose":[0.24615602241609577,-0.2611343785682373,0.2376831021663934,-0.5746802790364426,0.4061347105374,0.46540691743940266,0.5368366371465828],"cameraPose":[0.2531631424358221,-0.33569091061835304,0.23536531279038359,-0.026759495805115167,-0.04191177943629815,0.6162729952287604,0.7859611488365766],"command":[0.3,-0.5457547008995278],"distance":0.6057267066564412,"speed":0.14615560080936968,"tilt":2.6108203902433744,"contacts":[true,false],"fallen":false},"loop":{"mode":"timer","risk":2.4345684377993334e-9,"fresh":true,"threshold":0.98,"held":false,"triggers":1,"gfEvents":1,"releases":0,"clearSeconds":1.6799999999999997}},{"variant":"near-miss","condition":"gf-off","tick":250,"contacts":3,"body":{"id":"duck-1","position":[0.21085541378759132,-0.3617917726837287,0.11967411339414816],"headPose":[0.20753266303524384,-0.36786077135758727,0.2374117072670519,-0.4896003381642855,0.4648633720493917,0.4020123883292529,0.6185301882900267],"cameraPose":[0.19277557335339326,-0.4412560874335249,0.2344955056043815,0.09116717132127689,0.04444235679275549,0.6129737286099843,0.783566609695663],"command":[0.3,-0.21095662649517458],"distance":0.7402571749718084,"speed":0.1127073221230933,"tilt":2.31164523102681,"contacts":[true,false],"fallen":false},"loop":{"mode":"hold","risk":1.8850971245200433e-8,"fresh":true,"threshold":0.98,"held":false,"triggers":1,"gfEvents":0,"releases":0,"clearSeconds":1.44}},{"variant":"receding","condition":"hold","tick":250,"contacts":0,"body":{"id":"duck-1","position":[0.4171659122240355,-0.2458562329433952,0.11956901801968618],"headPose":[0.42180512415896865,-0.24792310785802743,0.2371194581557143,-0.6762682829671911,0.3161158410683308,0.5380561509207508,0.39144292423623467],"cameraPose":[0.45870388036492704,-0.31311848044585333,0.2360269685721796,-0.20140194261255023,-0.15693549811528967,0.6039908078351008,0.7549858349624174],"command":[0.3,-0.11312708000645488],"distance":0.754856370996784,"speed":0.1352287218962461,"tilt":2.7744578516839336,"contacts":[true,false],"fallen":false},"loop":{"mode":"hold","risk":0.00011580040903383094,"fresh":true,"threshold":0.98,"held":false,"triggers":0,"gfEvents":0,"releases":0,"clearSeconds":4.96}},{"variant":"receding","condition":"timer","tick":250,"contacts":0,"body":{"id":"duck-1","position":[0.4171659122240355,-0.2458562329433952,0.11956901801968618],"headPose":[0.42180512415896865,-0.24792310785802743,0.2371194581557143,-0.6762682829671911,0.3161158410683308,0.5380561509207508,0.39144292423623467],"cameraPose":[0.45870388036492704,-0.31311848044585333,0.2360269685721796,-0.20140194261255023,-0.15693549811528967,0.6039908078351008,0.7549858349624174],"command":[0.3,-0.11312708000645488],"distance":0.754856370996784,"speed":0.1352287218962461,"tilt":2.7744578516839336,"contacts":[true,false],"fallen":false},"loop":{"mode":"timer","risk":0.00011580040903383094,"fresh":true,"threshold":0.98,"held":false,"triggers":0,"gfEvents":0,"releases":0,"clearSeconds":4.96}},{"variant":"receding","condition":"gf-off","tick":250,"contacts":0,"body":{"id":"duck-1","position":[0.4171659122240355,-0.2458562329433952,0.11956901801968618],"headPose":[0.42180512415896865,-0.24792310785802743,0.2371194581557143,-0.6762682829671911,0.3161158410683308,0.5380561509207508,0.39144292423623467],"cameraPose":[0.45870388036492704,-0.31311848044585333,0.2360269685721796,-0.20140194261255023,-0.15693549811528967,0.6039908078351008,0.7549858349624174],"command":[0.3,-0.11312708000645488],"distance":0.754856370996784,"speed":0.1352287218962461,"tilt":2.7744578516839336,"contacts":[true,false],"fallen":false},"loop":{"mode":"hold","risk":0.00011580040903383094,"fresh":true,"threshold":0.98,"held":false,"triggers":0,"gfEvents":0,"releases":0,"clearSeconds":4.96}},{"variant":"retreat","condition":"hold","tick":250,"contacts":0,"body":{"id":"duck-1","position":[0.17640208115111908,-0.0183922153736249,0.1182460775138631],"headPose":[0.17851402355510468,-0.022816621536766377,0.23530542338896934,-0.7668173403129195,0.025506046745209256,0.6318959322361234,0.10976401504269215],"cameraPose":[0.25186855667329267,-0.03805064997306856,0.23573577036169646,-0.4646068618997482,-0.4287824000735595,0.4648533973031566,0.6198366206336478],"command":[0.3,0.1141677283688795],"distance":0.2891039424890224,"speed":0.14411267346050086,"tilt":2.5266195511189404,"contacts":[false,true],"fallen":false},"loop":{"mode":"hold","risk":0.004008132449206759,"fresh":true,"threshold":0.98,"held":false,"triggers":1,"gfEvents":1,"releases":1,"clearSeconds":2.32}},{"variant":"retreat","condition":"timer","tick":250,"contacts":0,"body":{"id":"duck-1","position":[0.388099632584026,-0.019423037061943007,0.12010046628567972],"headPose":[0.39226479212777,-0.015660616485921652,0.23757048818405266,-0.772908061899979,0.05393717990436185,0.6296729496569712,0.05670877308030588],"cameraPose":[0.46625853195571043,-0.02740310058609057,0.23800509528786698,0.5064293738053731,0.40710666696372716,-0.48338535830063334,-0.586627689801081],"command":[0.3,-0.04299264893463226],"distance":0.5933083808900435,"speed":0.10092750073622572,"tilt":2.851697651737493,"contacts":[true,false],"fallen":false},"loop":{"mode":"timer","risk":0.0000022144637137859086,"fresh":true,"threshold":0.98,"held":false,"triggers":1,"gfEvents":1,"releases":0,"clearSeconds":2.36}},{"variant":"retreat","condition":"gf-off","tick":250,"contacts":0,"body":{"id":"duck-1","position":[0.5172906609187925,-0.04800590322625649,0.11903575625541782],"headPose":[0.5214341119384726,-0.045408929649805654,0.23606216965188506,-0.7719990091741117,0.07274547347782201,0.6266557704778696,0.0776412986075298],"cameraPose":[0.5946481287374613,-0.06130887358624125,0.23628097750803576,-0.490985045710796,-0.39167372717778803,0.49455136237137615,0.6007864232018244],"command":[0.3,-0.06977123142157864],"distance":0.7695550744882819,"speed":0.1447198820322576,"tilt":2.894890970209038,"contacts":[true,false],"fallen":false},"loop":{"mode":"hold","risk":2.1250298884292642e-7,"fresh":true,"threshold":0.98,"held":false,"triggers":1,"gfEvents":0,"releases":0,"clearSeconds":2.2399999999999998}}]}
### Ran Playwright code
```js
await (async (page) => {
  const receipt={format:'duckfly-guided-acceptance',version:1,checks:[],trials:[]};
  const check=(value,message)=>{if(!value)throw Error(message);};
  const t=()=>page.evaluate(()=>window.duckflyTelemetry);
  await page.goto('http://127.0.0.1:5193/');
  await page.setViewportSize({width:1400,height:960});
  await page.waitForFunction(()=>window.duckflyTelemetry?.ready);
  const choose=async id=>{
    if(await page.getByRole('button',{name:'Back to scenarios'}).isVisible())await page.getByRole('button',{name:'Back to scenarios'}).click();
    await page.locator(`[data-scenario="${id}"]`).click();
    await page.waitForFunction(id=>window.duckflyTelemetry.scene.lab?.id===id&&window.duckflyTelemetry.time>.1,id);
  };
  const pause=async()=>{if(!(await t()).paused)await page.getByRole('button',{name:'Ⅱ Pause',exact:true}).click();await page.waitForFunction(()=>window.duckflyTelemetry.paused);};
  const advance=async seconds=>{
    const before=await t();if(before.paused)await page.getByRole('button',{name:'▶ Run',exact:true}).click();
    await page.waitForFunction(time=>window.duckflyTelemetry.time>=time,before.time+seconds,{timeout:15000});await pause();return t();
  };
  check(await page.locator('[data-scenario]').count()===10,'Expected ten scenario tiles');
  check(await page.locator('.scenario-image img').evaluateAll(els=>els.every(e=>e.complete&&e.naturalWidth>0)),'Scenario thumbnails failed');
  await choose('stop-go');
  for(const variant of ['incoming','near-miss','receding','retreat'])for(const condition of ['hold','timer','gf-off']){
    await page.evaluate(({variant,condition})=>window.guidedTestStage={variant,condition},{variant,condition});
    await page.getByRole('combobox',{name:'Object path',exact:true}).selectOption(variant);
    await page.getByRole('combobox',{name:'Stop response',exact:true}).selectOption(condition);
    await page.getByRole('button',{name:'Restart experiment',exact:true}).click();
    await page.waitForFunction(({v,c})=>window.duckflyTelemetry.scene.lab.variant===v&&window.duckflyTelemetry.scene.lab.condition===c&&window.duckflyTelemetry.tick===250&&window.duckflyTelemetry.paused,{v:variant,c:condition},{timeout:20000});
    const s=await t();receipt.trials.push({variant,condition,tick:s.tick,contacts:s.collisionCount,body:s.ducks[0],loop:s.agents['duck-1'].temporal});
    await page.evaluate(r=>window.guidedTestProgress=r,receipt);
    check(!s.ducks[0].fallen,'Playable stop trial fell');
    if(condition==='gf-off')check(s.agents['duck-1'].temporal.gfEvents===0&&!s.agents['duck-1'].temporal.held,'GF lesion must prevent hold');
  }
  const incoming=receipt.trials.filter(r=>r.variant==='incoming');
  check(incoming.find(r=>r.condition==='hold').contacts===0,'Hazard hold contacted the incoming object');
  check(incoming.find(r=>r.condition==='timer').contacts>0,'Timer failure example did not reproduce');
  check(incoming.find(r=>r.condition==='hold').loop.releases===1,'Hold must eventually release');
  receipt.checks.push('12 rendered-camera physical examples and GF disconnection');
  await page.getByRole('combobox',{name:'Object path',exact:true}).selectOption('incoming');
  await page.getByRole('combobox',{name:'Stop response',exact:true}).selectOption('hold');
  await page.getByRole('button',{name:'Restart experiment',exact:true}).click();
  await page.waitForFunction(()=>window.duckflyTelemetry.agents['duck-1'].temporal?.held);
  await page.getByRole('button',{name:'Cover eyes',exact:true}).click();
  await page.waitForFunction(()=>window.duckflyTelemetry.scene.ducks[0].eye==='none'&&!window.duckflyTelemetry.agents['duck-1'].temporal.fresh);
  let s=await advance(.3);check(s.agents['duck-1'].temporal.held,'Covering eyes must not release hold');
  await page.getByRole('button',{name:'Uncover eyes',exact:true}).click();
  s=await advance(.3);check(s.agents['duck-1'].temporal.fresh,'Stereo must recover after uncover');
  receipt.checks.push('Eye cover invalidates decoder evidence while preserving an existing GF hold');
  await choose('gaze');await pause();
  await page.getByRole('button',{name:'Beacon right',exact:true}).click();s=await advance(.2);check(s.scene.props.find(p=>p.id==='target-1').position[1]<0,'Beacon action must move a physical prop');
  await page.getByRole('button',{name:'Hide beacon',exact:true}).click();s=await advance(.5);
  check(!s.agents['duck-1'].vision.target.visible&&s.ducks[0].command[0]===0,'Wall must occlude camera and gate forward command');
  await page.getByRole('button',{name:'Active looking: on',exact:true}).click();s=await advance(.1);check(!s.scene.ducks[0].activeLook,'Active looking must toggle');
  await page.getByRole('button',{name:'Reveal beacon',exact:true}).click();s=await advance(.3);
  receipt.checks.push('Gaze controls move physical beacon and occluder; covered target removes drive');
  await choose('switchboard');await pause();
  await page.getByRole('button',{name:'Cut body commands',exact:true}).click();s=await advance(.3);
  check(s.ducks[0].command.every(v=>v===0)&&s.agents['duck-1'].neural.spikeCount>0,'Output lesion must stop commands while neurons continue');
  await page.getByRole('button',{name:'Cut forward neurons',exact:true}).click();s=await advance(.3);
  check(s.scene.ducks[0].silence==='forward','Forward lesion did not reach worker');
  await page.getByRole('button',{name:'Connect all',exact:true}).click();s=await advance(.3);check(s.scene.ducks[0].silence==='none','Restoration failed');
  receipt.checks.push('Switchboard cuts real commands and selected neural groups; reconnect works');
  await choose('recovery');s=await advance(.5);const before=s.ducks[0];
  await page.getByRole('button',{name:'Nudge duck',exact:true}).click();s=await advance(.25);check(Math.abs(s.ducks[0].position[1]-before.position[1])>.005,'Nudge must physically perturb the body');
  await page.getByRole('button',{name:'Feedback to fly brain: on',exact:true}).click();s=await advance(.2);check(!s.scene.ducks[0].feedback,'Feedback toggle failed');
  receipt.checks.push({check:'Body nudge and circuit feedback control',before,after:s.ducks[0]});
  for(const [width,height] of [[1400,960],[1024,768],[390,844]]){
    await page.setViewportSize({width,height});await page.waitForTimeout(150);
    check(await page.evaluate(()=>document.documentElement.scrollWidth<=innerWidth),'Horizontal overflow');
    const boxes=await page.evaluate(()=>Object.fromEntries(['eye','brain-plot','guided-lab','arena'].map(id=>{const r=document.getElementById(id).getBoundingClientRect();return [id,{top:r.top,bottom:r.bottom,height:r.height}];})));
    for(const id of ['eye','brain-plot'])check(boxes[id].height>0&&boxes[id].top>=0&&boxes[id].bottom<=height,`${id} not visible at ${width}`);
    await page.screenshot({path:`output/playwright/guided-${width}.png`});receipt.checks.push({check:'Layout',width,height,boxes});
  }
  await page.setViewportSize({width:1400,height:960});
  return receipt;
}
)(page);
```
### Events
- New console entries: .playwright-cli/console-2026-09-10T20-54-39-638Z.log#L7
