MAC_LAB_TEST_START NativeSmoke.js
MAC_LAB_PROGRESS {"tick":0,"scene":"Follow the beacon","time":1789084294107,"stage":"wizard step 0"}
MAC_LAB_PROGRESS {"tick":0,"scene":"Follow the beacon","time":1789084294120,"stage":"wizard step 1"}
MAC_LAB_PROGRESS {"tick":0,"scene":"Follow the beacon","time":1789084294123,"stage":"wizard step 2"}
MAC_LAB_PROGRESS {"stage":"wizard launch complete","scene":"Follow the beacon","time":1789084294149,"tick":0}
MAC_LAB_PROGRESS {"tick":0,"scene":"Follow the beacon","time":1789084294277,"stage":"physical run 4s"}
MAC_LAB_PROGRESS {"tick":204,"scene":"Follow the beacon","time":1789084301566,"stage":"physical run 0.25s"}
MAC_LAB_PROGRESS {"tick":243,"scene":"Follow the beacon","time":1789084303567,"stage":"wizard step 0"}
MAC_LAB_PROGRESS {"tick":243,"scene":"Follow the beacon","time":1789084303572,"stage":"wizard step 1"}
MAC_LAB_PROGRESS {"stage":"wizard step 2","scene":"Follow the beacon","time":1789084303574,"tick":243}
MAC_LAB_PROGRESS {"tick":39,"scene":"Out of sight","time":1789084304565,"stage":"wizard launch complete"}
MAC_LAB_PROGRESS {"stage":"physical run 0.3s","scene":"Out of sight","time":1789084306565,"tick":0}
MAC_LAB_PROGRESS {"tick":39,"scene":"Out of sight","time":1789084308567,"stage":"wizard step 0"}
MAC_LAB_PROGRESS {"stage":"wizard step 1","scene":"Out of sight","time":1789084308571,"tick":39}
MAC_LAB_PROGRESS {"stage":"wizard step 2","scene":"Out of sight","time":1789084308573,"tick":39}
MAC_LAB_PROGRESS {"stage":"wizard launch complete","scene":"Approaching threat","time":1789084309566,"tick":37}
MAC_LAB_PROGRESS {"tick":39,"scene":"Approaching threat","time":1789084313567,"stage":"wizard step 0"}
MAC_LAB_PROGRESS {"tick":39,"scene":"Approaching threat","time":1789084313572,"stage":"wizard step 1"}
MAC_LAB_PROGRESS {"stage":"wizard step 2","scene":"Approaching threat","time":1789084313573,"tick":39}
MAC_LAB_PROGRESS {"stage":"wizard launch complete","scene":"Follow the flock","time":1789084314569,"tick":35}
MAC_LAB_PROGRESS {"stage":"physical run 2s","scene":"Follow the flock","time":1789084316567,"tick":0}
MAC_LAB_PROGRESS {"stage":"physical run 1s","scene":"Follow the flock","time":1789084321567,"tick":0}
MAC_LAB_PROGRESS {"stage":"wizard step 0","scene":"Follow the flock","time":1789084327569,"tick":25}
MAC_LAB_PROGRESS {"stage":"wizard step 1","scene":"Follow the flock","time":1789084327581,"tick":25}
MAC_LAB_PROGRESS {"stage":"wizard step 2","scene":"Follow the flock","time":1789084327587,"tick":25}
MAC_LAB_PROGRESS {"stage":"wizard launch complete","scene":"Follow the beacon","time":1789084328565,"tick":40}
MAC_LAB_PROGRESS {"stage":"physical run 1s","scene":"Follow the beacon","time":1789084333569,"tick":0}
MAC_LAB_PROGRESS {"stage":"wizard step 0","scene":"Follow the beacon","time":1789084336570,"tick":92}
MAC_LAB_PROGRESS {"tick":92,"scene":"Follow the beacon","time":1789084336575,"stage":"wizard step 1"}
MAC_LAB_PROGRESS {"stage":"wizard step 2","scene":"Follow the beacon","time":1789084336577,"tick":92}
MAC_LAB_PROGRESS {"tick":39,"scene":"Follow the beacon","time":1789084337569,"stage":"wizard launch complete"}
MAC_LAB_PROGRESS {"stage":"physical run 1.1s","scene":"Follow the beacon","time":1789084339567,"tick":0}
MAC_LAB_PROGRESS {"stage":"physical run 0.14s","scene":"odor-0","time":1789084346568,"tick":0}
MAC_LAB_PROGRESS {"tick":0,"scene":"odor-3","time":1789084349568,"stage":"physical run 0.14s"}
MAC_LAB_PROGRESS {"stage":"physical run 0.14s","scene":"light-0","time":1789084352567,"tick":0}
MAC_LAB_PROGRESS {"tick":0,"scene":"light-3","time":1789084355568,"stage":"physical run 0.14s"}
MAC_LAB_PROGRESS {"stage":"workspace compare","scene":"Native batch source","time":1789084362568,"tick":0}
MAC_LAB_PROGRESS {"tick":0,"scene":"Native batch source","time":1789084372577,"stage":"workspace learn"}
MAC_LAB_PROGRESS {"stage":"wizard step 0","scene":"Native batch source","time":1789084408586,"tick":0}
MAC_LAB_PROGRESS {"stage":"wizard step 1","scene":"Native batch source","time":1789084408602,"tick":0}
MAC_LAB_PROGRESS {"stage":"wizard step 2","scene":"Native batch source","time":1789084408609,"tick":0}
MAC_LAB_PROGRESS {"stage":"wizard launch complete","scene":"Native batch source","time":1789084408638,"tick":0}
MAC_LAB_RECEIPT [{"check":"camera-driven approach","distance":0.6137821636341485,"position":[0.42500936391354022,-0.020486819822422866,0.11871333755906001]},{"check":"eye intervention"},{"check":"wall occlusion"},{"check":"rendered visual threat","time":0.78000000000000058},{"check":"independent ducks and companion vision"},{"check":"physical prop edit preserves time"},{"check":"rewind and branch"},{"check":"denied and synthetic webcam paths","physicalCameraUsed":false},{"check":"recording export\/import and same-tick inspector","time":1.8599999999999823},{"check":"odor field response","signals":[0,0.14999999999999999]},{"check":"light field response","signals":[0.096709544564364466,0.14999999999999999]},{"check":"physical prop goal in an open-ended scene","time":1.8599999999999823},{"report":{"format":"duckfly-comparison","interpretation":"Matched seeds and placements in separate physical arenas. These bounded trials do not establish biological validity.","rows":[{"trials":[{"fallen":false,"score":0.8181679601323073,"distance":0.97654593107180698,"time":5.9999999999998943,"contacts":0,"seed":"eval-left","reachedAt":5.639999999999902,"remaining":0.14971957402962163,"progress":0.6826865768366488},{"fallen":false,"score":0.85032363324561022,"time":5.9999999999998943,"distance":1.0023541529454643,"seed":"eval-right","contacts":0,"reachedAt":5.4199999999999067,"remaining":0.12296941414052341,"progress":0.70943673672574703}],"meanScore":0.83424579668895871,"condition":"Fly circuit"},{"condition":"Reactive controller","trials":[{"fallen":false,"score":0.71765305409887858,"time":5.9999999999998943,"distance":0.91099287770159065,"seed":"eval-left","contacts":0,"reachedAt":null,"remaining":0.23404929618163464,"progress":0.59835685468463584},{"fallen":false,"score":0.74461993799512405,"time":5.9999999999998943,"distance":0.9283578812802743,"seed":"eval-right","contacts":0,"remaining":0.2121500025371339,"reachedAt":null,"progress":0.62025614832913656}],"meanScore":0.73113649604700126},{"trials":[{"fallen":false,"score":0.8181679601323073,"time":5.9999999999998943,"distance":0.97654593107180698,"contacts":0,"seed":"eval-left","reachedAt":5.639999999999902,"remaining":0.14971957402962163,"progress":0.6826865768366488},{"fallen":false,"score":0.85032363324561022,"distance":1.0023541529454643,"time":5.9999999999998943,"contacts":0,"seed":"eval-right","reachedAt":5.4199999999999067,"remaining":0.12296941414052341,"progress":0.70943673672574703}],"condition":"Silence gf","meanScore":0.83424579668895871}],"task":"Six-second camera target approach","version":1},"check":"native compare"},{"check":"native learn","report":{"format":"duckfly-adapter","method":"Finite parameter search through camera and physical simulation","weights":{"flow":0.080000000000000002,"forward":0.12,"field":0.12,"turn":0.17999999999999999},"training":[{"trials":[{"fallen":false,"score":0.73994082997920951,"distance":0.71866193085095842,"time":4.7999999999999199,"contacts":0,"seed":"train-left","remaining":0.17100714558591298,"reachedAt":4.139999999999934,"progress":0.4899769692005167},{"fallen":false,"score":0.77372386396132875,"time":4.7999999999999199,"distance":0.75657118379436561,"seed":"train-right","contacts":0,"reachedAt":4.0999999999999348,"remaining":0.14866496911517954,"progress":0.51231914567125014}],"weights":{"turn":0.17999999999999999,"forward":0.12,"field":0.12,"flow":0.080000000000000002},"meanScore":0.75683234697026913},{"weights":{"flow":0.080000000000000002,"forward":0.12,"field":0.12,"turn":0.080000000000000002},"meanScore":0.75265362220452947,"trials":[{"fallen":false,"score":0.75000770770772596,"distance":0.74336969290088784,"time":4.7999999999999199,"seed":"train-left","contacts":0,"remaining":0.1646253282838829,"reachedAt":4.3999999999999284,"progress":0.49635878650254683},{"fallen":false,"score":0.7552995367013331,"distance":0.73509151364168224,"time":4.7999999999999199,"seed":"train-right","contacts":0,"reachedAt":4.3599999999999293,"remaining":0.16119695406569778,"progress":0.49978716072073193}]},{"weights":{"flow":0.080000000000000002,"forward":0.12,"field":0.12,"turn":0.029999999999999999},"meanScore":0.71981875164247411,"trials":[{"fallen":false,"score":0.70285859760594893,"time":4.7999999999999199,"distance":0.72966928708017009,"seed":"train-left","contacts":0,"remaining":0.19590735472803092,"reachedAt":4.6399999999999233,"progress":0.46507676005839882},{"fallen":false,"score":0.73677890567899929,"time":4.7999999999999199,"distance":0.73484188512021009,"seed":"train-right","contacts":0,"reachedAt":4.5399999999999254,"remaining":0.17355385286389344,"progress":0.48743026192253625}]},{"trials":[{"fallen":false,"score":0.7389111024020375,"distance":0.73570484735027053,"time":4.7999999999999199,"seed":"train-left","contacts":0,"reachedAt":4.5399999999999254,"remaining":0.1719659014003643,"progress":0.48901821338606544},{"fallen":false,"score":0.73557738698807584,"time":4.7999999999999199,"distance":0.73476811451597301,"contacts":0,"seed":"train-right","remaining":0.17420575301877925,"reachedAt":4.3599999999999293,"progress":0.48677836176765044}],"meanScore":0.73724424469505667,"weights":{"flow":0.080000000000000002,"forward":0.080000000000000002,"field":0.12,"turn":0.059999999999999998}},{"trials":[{"fallen":false,"score":0.74927397151844288,"distance":0.73961553697696358,"time":4.7999999999999199,"contacts":0,"seed":"train-left","reachedAt":4.419999999999928,"remaining":0.16507144610740779,"progress":0.49591266867902195},{"fallen":false,"score":0.75801804175635101,"distance":0.73806295798237842,"time":4.7999999999999199,"contacts":0,"seed":"train-right","remaining":0.1593961654088186,"reachedAt":4.4599999999999271,"progress":0.50158794937761109}],"weights":{"turn":0.080000000000000002,"forward":0.16,"field":0.12,"flow":0.080000000000000002},"meanScore":0.75364600663739689}],"interpretation":"No promotion. Original weights retained.","candidateWeights":{"flow":0.080000000000000002,"forward":0.12,"field":0.12,"turn":0.17999999999999999},"evaluation":{"candidate":[{"fallen":false,"score":0.8181679601323073,"time":5.9999999999998943,"distance":0.97654593107180698,"contacts":0,"seed":"eval-left","remaining":0.14971957402962163,"reachedAt":5.639999999999902,"progress":0.6826865768366488},{"fallen":false,"score":0.85032363324561022,"time":5.9999999999998943,"distance":1.0023541529454643,"seed":"eval-right","contacts":0,"remaining":0.12296941414052341,"reachedAt":5.4199999999999067,"progress":0.70943673672574703}],"baseline":[{"fallen":false,"score":0.8181679601323073,"distance":0.97654593107180698,"time":5.9999999999998943,"seed":"eval-left","contacts":0,"remaining":0.14971957402962163,"reachedAt":5.639999999999902,"progress":0.6826865768366488},{"fallen":false,"score":0.85032363324561022,"distance":1.0023541529454643,"time":5.9999999999998943,"contacts":0,"seed":"eval-right","remaining":0.12296941414052341,"reachedAt":5.4199999999999067,"progress":0.70943673672574703}]},"gate":{"meanGain":0,"promote":false,"worstCaseGain":0,"noExtraFalls":true,"threshold":0.02},"version":1}}]
