MAC_LAB_TEST_START NativeSmoke.js
MAC_LAB_PROGRESS {"stage":"wizard step 0","scene":"Follow the beacon","time":1789090318663,"tick":0}
MAC_LAB_PROGRESS {"stage":"wizard step 1","scene":"Follow the beacon","time":1789090318677,"tick":0}
MAC_LAB_PROGRESS {"stage":"wizard step 2","scene":"Follow the beacon","time":1789090318680,"tick":0}
MAC_LAB_PROGRESS {"tick":0,"scene":"Follow the beacon","time":1789090318709,"stage":"wizard launch complete"}
MAC_LAB_PROGRESS {"tick":0,"scene":"Follow the beacon","time":1789090318841,"stage":"physical run 4s"}
MAC_LAB_PROGRESS {"stage":"physical run 0.25s","scene":"Follow the beacon","time":1789090325851,"tick":215}
MAC_LAB_PROGRESS {"tick":258,"scene":"Follow the beacon","time":1789090327855,"stage":"wizard step 0"}
MAC_LAB_PROGRESS {"stage":"wizard step 1","scene":"Follow the beacon","time":1789090327859,"tick":258}
MAC_LAB_PROGRESS {"stage":"wizard step 2","scene":"Follow the beacon","time":1789090327861,"tick":258}
MAC_LAB_PROGRESS {"stage":"wizard launch complete","scene":"Out of sight","time":1789090328849,"tick":41}
MAC_LAB_PROGRESS {"tick":0,"scene":"Out of sight","time":1789090330850,"stage":"physical run 0.3s"}
MAC_LAB_PROGRESS {"stage":"wizard step 0","scene":"Out of sight","time":1789090332854,"tick":44}
MAC_LAB_PROGRESS {"stage":"wizard step 1","scene":"Out of sight","time":1789090332857,"tick":44}
MAC_LAB_PROGRESS {"tick":44,"scene":"Out of sight","time":1789090332860,"stage":"wizard step 2"}
MAC_LAB_PROGRESS {"tick":42,"scene":"Approaching threat","time":1789090333849,"stage":"wizard launch complete"}
MAC_LAB_PROGRESS {"stage":"wizard step 0","scene":"Approaching threat","time":1789090337854,"tick":43}
MAC_LAB_PROGRESS {"tick":43,"scene":"Approaching threat","time":1789090337858,"stage":"wizard step 1"}
MAC_LAB_PROGRESS {"stage":"wizard step 2","scene":"Approaching threat","time":1789090337860,"tick":43}
MAC_LAB_PROGRESS {"tick":38,"scene":"Follow the flock","time":1789090338849,"stage":"wizard launch complete"}
MAC_LAB_PROGRESS {"tick":0,"scene":"Follow the flock","time":1789090340849,"stage":"physical run 2s"}
MAC_LAB_PROGRESS {"tick":0,"scene":"Follow the flock","time":1789090345849,"stage":"physical run 1s"}
MAC_LAB_PROGRESS {"stage":"wizard step 0","scene":"Follow the flock","time":1789090351868,"tick":25}
MAC_LAB_PROGRESS {"stage":"wizard step 1","scene":"Follow the flock","time":1789090351890,"tick":25}
MAC_LAB_PROGRESS {"tick":25,"scene":"Follow the flock","time":1789090351899,"stage":"wizard step 2"}
MAC_LAB_PROGRESS {"stage":"wizard launch complete","scene":"Follow the beacon","time":1789090352854,"tick":37}
MAC_LAB_PROGRESS {"tick":0,"scene":"Follow the beacon","time":1789090357852,"stage":"physical run 1s"}
MAC_LAB_PROGRESS {"tick":90,"scene":"Follow the beacon","time":1789090360857,"stage":"wizard step 0"}
MAC_LAB_PROGRESS {"stage":"wizard step 1","scene":"Follow the beacon","time":1789090360860,"tick":90}
MAC_LAB_PROGRESS {"stage":"wizard step 2","scene":"Follow the beacon","time":1789090360862,"tick":90}
MAC_LAB_PROGRESS {"tick":33,"scene":"Follow the beacon","time":1789090361872,"stage":"wizard launch complete"}
MAC_LAB_PROGRESS {"stage":"physical run 1.1s","scene":"Follow the beacon","time":1789090363851,"tick":0}
MAC_LAB_PROGRESS {"stage":"physical run 0.14s","scene":"odor-0","time":1789090370851,"tick":0}
MAC_LAB_PROGRESS {"tick":0,"scene":"odor-3","time":1789090373851,"stage":"physical run 0.14s"}
MAC_LAB_PROGRESS {"stage":"physical run 0.14s","scene":"light-0","time":1789090376851,"tick":0}
MAC_LAB_PROGRESS {"tick":0,"scene":"light-3","time":1789090379850,"stage":"physical run 0.14s"}
MAC_LAB_PROGRESS {"tick":0,"scene":"Native batch source","time":1789090391852,"stage":"workspace compare"}
MAC_LAB_PROGRESS {"stage":"workspace learn","scene":"Native batch source","time":1789090409860,"tick":0}
MAC_LAB_PROGRESS {"stage":"wizard step 0","scene":"Native batch source","time":1789090439897,"tick":0}
MAC_LAB_PROGRESS {"stage":"wizard step 1","scene":"Native batch source","time":1789090439942,"tick":0}
MAC_LAB_PROGRESS {"tick":0,"scene":"Native batch source","time":1789090439956,"stage":"wizard step 2"}
MAC_LAB_PROGRESS {"tick":0,"scene":"Native batch source","time":1789090440025,"stage":"wizard launch complete"}
MAC_LAB_RECEIPT [{"check":"camera-driven approach","position":[0.44999285648096848,0.0014299547508376019,0.1189850468588794],"distance":0.64967222255275603},{"check":"eye intervention"},{"check":"wall occlusion"},{"check":"rendered visual threat","time":0.86000000000000065},{"check":"independent ducks and companion vision"},{"check":"physical prop edit preserves time"},{"check":"rewind and branch"},{"physicalCameraUsed":false,"check":"denied and synthetic webcam paths"},{"check":"recording export\/import and same-tick inspector","time":1.9599999999999802},{"check":"odor field response","signals":[0,0.14999999999999999]},{"check":"light field response","signals":[0.098544168520020306,0.14999999999999999]},{"check":"physical prop goal in an open-ended scene","time":1.4199999999999917},{"check":"native compare","report":{"interpretation":"Matched seeds and placements in separate physical arenas. These bounded trials do not establish biological validity.","version":1,"rows":[{"trials":[{"fallen":false,"score":0.8181679601323073,"time":5.9999999999998943,"distance":0.97654593107180698,"contacts":0,"seed":"eval-left","remaining":0.14971957402962163,"reachedAt":5.639999999999902,"progress":0.6826865768366488},{"fallen":false,"score":0.85032363324561022,"distance":1.0023541529454643,"time":5.9999999999998943,"contacts":0,"seed":"eval-right","reachedAt":5.4199999999999067,"remaining":0.12296941414052341,"progress":0.70943673672574703}],"condition":"Fly circuit","meanScore":0.83424579668895871},{"condition":"Reactive controller","trials":[{"fallen":false,"score":0.71765305409887858,"distance":0.91099287770159065,"time":5.9999999999998943,"seed":"eval-left","contacts":0,"remaining":0.23404929618163464,"reachedAt":null,"progress":0.59835685468463584},{"fallen":false,"score":0.74461993799512405,"distance":0.9283578812802743,"time":5.9999999999998943,"seed":"eval-right","contacts":0,"remaining":0.2121500025371339,"reachedAt":null,"progress":0.62025614832913656}],"meanScore":0.73113649604700126},{"condition":"Silence gf","meanScore":0.83424579668895871,"trials":[{"fallen":false,"score":0.8181679601323073,"distance":0.97654593107180698,"time":5.9999999999998943,"contacts":0,"seed":"eval-left","reachedAt":5.639999999999902,"remaining":0.14971957402962163,"progress":0.6826865768366488},{"fallen":false,"score":0.85032363324561022,"time":5.9999999999998943,"distance":1.0023541529454643,"seed":"eval-right","contacts":0,"remaining":0.12296941414052341,"reachedAt":5.4199999999999067,"progress":0.70943673672574703}]}],"task":"Six-second camera target approach","format":"duckfly-comparison"}},{"check":"native learn","report":{"format":"duckfly-adapter","interpretation":"No promotion. Original weights retained.","method":"Finite parameter search through camera and physical simulation","training":[{"trials":[{"fallen":false,"score":0.73994082997920951,"time":4.7999999999999199,"distance":0.71866193085095842,"contacts":0,"seed":"train-left","remaining":0.17100714558591298,"reachedAt":4.139999999999934,"progress":0.4899769692005167},{"fallen":false,"score":0.77372386396132875,"time":4.7999999999999199,"distance":0.75657118379436561,"contacts":0,"seed":"train-right","remaining":0.14866496911517954,"reachedAt":4.0999999999999348,"progress":0.51231914567125014}],"weights":{"flow":0.080000000000000002,"forward":0.12,"field":0.12,"turn":0.17999999999999999},"meanScore":0.75683234697026913},{"trials":[{"fallen":false,"score":0.75000770770772596,"time":4.7999999999999199,"distance":0.74336969290088784,"seed":"train-left","contacts":0,"remaining":0.1646253282838829,"reachedAt":4.3999999999999284,"progress":0.49635878650254683},{"fallen":false,"score":0.7552995367013331,"time":4.7999999999999199,"distance":0.73509151364168224,"seed":"train-right","contacts":0,"reachedAt":4.3599999999999293,"remaining":0.16119695406569778,"progress":0.49978716072073193}],"meanScore":0.75265362220452947,"weights":{"turn":0.080000000000000002,"forward":0.12,"field":0.12,"flow":0.080000000000000002}},{"meanScore":0.71981875164247411,"weights":{"flow":0.080000000000000002,"forward":0.12,"field":0.12,"turn":0.029999999999999999},"trials":[{"fallen":false,"score":0.70285859760594893,"time":4.7999999999999199,"distance":0.72966928708017009,"contacts":0,"seed":"train-left","reachedAt":4.6399999999999233,"remaining":0.19590735472803092,"progress":0.46507676005839882},{"fallen":false,"score":0.73677890567899929,"time":4.7999999999999199,"distance":0.73484188512021009,"seed":"train-right","contacts":0,"reachedAt":4.5399999999999254,"remaining":0.17355385286389344,"progress":0.48743026192253625}]},{"trials":[{"fallen":false,"score":0.7389111024020375,"time":4.7999999999999199,"distance":0.73570484735027053,"contacts":0,"seed":"train-left","reachedAt":4.5399999999999254,"remaining":0.1719659014003643,"progress":0.48901821338606544},{"fallen":false,"score":0.73557738698807584,"distance":0.73476811451597301,"time":4.7999999999999199,"seed":"train-right","contacts":0,"reachedAt":4.3599999999999293,"remaining":0.17420575301877925,"progress":0.48677836176765044}],"weights":{"flow":0.080000000000000002,"forward":0.080000000000000002,"field":0.12,"turn":0.059999999999999998},"meanScore":0.73724424469505667},{"meanScore":0.75364600663739689,"trials":[{"fallen":false,"score":0.74927397151844288,"distance":0.73961553697696358,"time":4.7999999999999199,"contacts":0,"seed":"train-left","reachedAt":4.419999999999928,"remaining":0.16507144610740779,"progress":0.49591266867902195},{"fallen":false,"score":0.75801804175635101,"time":4.7999999999999199,"distance":0.73806295798237842,"seed":"train-right","contacts":0,"remaining":0.1593961654088186,"reachedAt":4.4599999999999271,"progress":0.50158794937761109}],"weights":{"turn":0.080000000000000002,"forward":0.16,"field":0.12,"flow":0.080000000000000002}}],"candidateWeights":{"flow":0.080000000000000002,"forward":0.12,"field":0.12,"turn":0.17999999999999999},"weights":{"flow":0.080000000000000002,"forward":0.12,"field":0.12,"turn":0.17999999999999999},"evaluation":{"candidate":[{"fallen":false,"score":0.8181679601323073,"distance":0.97654593107180698,"time":5.9999999999998943,"contacts":0,"seed":"eval-left","remaining":0.14971957402962163,"reachedAt":5.639999999999902,"progress":0.6826865768366488},{"fallen":false,"score":0.85032363324561022,"time":5.9999999999998943,"distance":1.0023541529454643,"seed":"eval-right","contacts":0,"remaining":0.12296941414052341,"reachedAt":5.4199999999999067,"progress":0.70943673672574703}],"baseline":[{"fallen":false,"score":0.8181679601323073,"distance":0.97654593107180698,"time":5.9999999999998943,"seed":"eval-left","contacts":0,"reachedAt":5.639999999999902,"remaining":0.14971957402962163,"progress":0.6826865768366488},{"fallen":false,"score":0.85032363324561022,"time":5.9999999999998943,"distance":1.0023541529454643,"seed":"eval-right","contacts":0,"remaining":0.12296941414052341,"reachedAt":5.4199999999999067,"progress":0.70943673672574703}]},"gate":{"noExtraFalls":true,"promote":false,"worstCaseGain":0,"meanGain":0,"threshold":0.02},"version":1}}]
