Vercel CLI 59.15.1 (Node.js 24.19.0)
Deploying duckfly
Uploading [--------------------] (0.0B/163.3KB)
Uploading [=====---------------] (47.9KB/163.3KB)
Uploading [===========---------] (94.9KB/163.3KB)
Uploading [===============-----] (122.6KB/163.3KB)
Uploading [====================] (163.3KB/163.3KB)
  Inspect         https://vercel.com/contextmind/duckfly/HkXGxyoN2c1Rvm3HDRecmhVzbYkb
  Production      https://duckfly-hzc7cinp1-contextmind.vercel.app
Building…
Building…
Running build in Washington, D.C., USA (East) – iad1
Build machine configuration: 4 cores, 8 GB
Retrieving list of deployment files...
Downloading 158 deployment files...
Restored build cache from previous deployment (8V3YW6uTijVHfpZCkujKmugXEEsQ)
Running "vercel build"
Vercel CLI 59.11.7
Running "install" command: `npm ci --prefix web`...
added 35 packages, and audited 36 packages in 3s
8 packages are looking for funding
run `npm fund` for details
found 0 vulnerabilities
npm warn allow-scripts 1 package has install scripts not yet covered by allowScripts:
npm warn allow-scripts   protobufjs@7.6.6 (postinstall: node scripts/postinstall)
npm warn allow-scripts
npm warn allow-scripts Run `npm approve-scripts --allow-scripts-pending` to review, or `npm approve-scripts <pkg>` to allow.
> duckfly-web@0.1.0 build
> npm run prepare:assets && vite build
> duckfly-web@0.1.0 prepare:assets
> node scripts/prepare-assets.mjs
Prepared shared assets and local WASM runtimes.
vite v8.3.0 building client environment for production...
transforming...
✓ 41 modules transformed.
rendering chunks...
computing gzip size...
dist/index.html                                        0.60 kB │ gzip:     0.40 kB
dist/assets/flyvis.worker-a1GsZaB0.js                  8.99 kB
dist/assets/lab.worker-C_BMSfjx.js                   161.93 kB
dist/assets/no-pose-C0bo0SAe.js                    1,734.31 kB
dist/assets/ort-wasm-simd-threaded-1QYQn1Hs.wasm  12,361.74 kB │ gzip: 3,197.89 kB
dist/assets/index-RLAE3UrT.css                        43.56 kB │ gzip:    10.00 kB
dist/assets/index-eZaKvqLe.js                        750.74 kB │ gzip:   203.58 kB
✓ built in 803ms
[2K[1A[2K[G  Production      https://duckfly-hzc7cinp1-contextmind.vercel.app
Completing…
▲ Aliased         https://duckfly.vercel.app
{
  "status": "ok",
  "deployment": {
    "id": "dpl_HkXGxyoN2c1Rvm3HDRecmhVzbYkb",
    "url": "https://duckfly-hzc7cinp1-contextmind.vercel.app",
    "inspectorUrl": "https://vercel.com/contextmind/duckfly/HkXGxyoN2c1Rvm3HDRecmhVzbYkb",
    "readyState": "READY",
    "target": "production",
    "deploymentApiUrl": "https://api.vercel.com/v13/deployments/dpl_HkXGxyoN2c1Rvm3HDRecmhVzbYkb"
  },
  "message": "Deployment duckfly-hzc7cinp1-contextmind.vercel.app ready.",
  "next": [
    {
      "command": "vercel curl https://duckfly-hzc7cinp1-contextmind.vercel.app",
      "when": "Verify deployment, including when Deployment Protection is enabled"
    },
    {
      "command": "vercel inspect duckfly-hzc7cinp1-contextmind.vercel.app --scope contextmind",
      "when": "Inspect deployment"
    },
    {
      "command": "vercel deploy --prod --scope contextmind",
      "when": "Promote to production"
    }
  ]
}
