train embodied-v1-eye-train-fixed-0 40
train embodied-v1-eye-train-fixed-1 40
train embodied-v1-eye-train-moving-0 40
train embodied-v1-eye-train-moving-1 40
train embodied-v1-eye-train-occlusion-0 40
train embodied-v1-eye-train-occlusion-1 40
train embodied-v1-eye-train-reposition-0 40
train embodied-v1-eye-train-reposition-1 40
train embodied-v1-eye-train-blocked-0 40
train embodied-v1-eye-train-blocked-1 40
train embodied-v1-eye-train-slippery-0 40
train embodied-v1-eye-train-slippery-1 40
validation embodied-v1-eye-validation-fixed-0 40
validation embodied-v1-eye-validation-fixed-1 40
validation embodied-v1-eye-validation-moving-0 40
validation embodied-v1-eye-validation-moving-1 40
validation embodied-v1-eye-validation-occlusion-0 40
validation embodied-v1-eye-validation-occlusion-1 40
validation embodied-v1-eye-validation-reposition-0 40
validation embodied-v1-eye-validation-reposition-1 40
validation embodied-v1-eye-validation-blocked-0 40
validation embodied-v1-eye-validation-blocked-1 40
validation embodied-v1-eye-validation-slippery-0 40
validation embodied-v1-eye-validation-slippery-1 40
