
> duckfly-web@0.1.0 build
> npm run prepare:assets && vite build


> duckfly-web@0.1.0 prepare:assets
> node scripts/prepare-assets.mjs

Prepared shared assets and local WASM runtimes.
vite v8.3.0 building client environment for production...
transforming...
✓ 36 modules transformed.
rendering chunks...
computing gzip size...
dist/index.html                                        0.60 kB │ gzip:     0.40 kB
dist/assets/flyvis.worker-a1GsZaB0.js                  8.99 kB
dist/assets/lab.worker-sssnPnNq.js                   158.12 kB
dist/assets/no-pose-C0bo0SAe.js                    1,734.31 kB
dist/assets/ort-wasm-simd-threaded-1QYQn1Hs.wasm  12,361.74 kB │ gzip: 3,197.89 kB
dist/assets/index-qDj7Nom2.css                        26.63 kB │ gzip:     6.60 kB
dist/assets/index-BlGM2QsE.js                        706.79 kB │ gzip:   189.46 kB

✓ built in 462ms
/Users/madhusudanaa/Documents/GitHub/duckfly/mac/build/.duckfly-stage.wReaSC/DuckFly.app: replacing existing signature
Built /Users/madhusudanaa/Documents/GitHub/duckfly/mac/build/DuckFlyRelease.app
