{"family":"recovery","seed":0,"condition":"walking","axis":"roll","upright":false,"fallCleared":false,"kicked":false,"extraFall":false,"replayChecked":false}
{"family":"recovery","seed":0,"condition":"recover","axis":"roll","upright":true,"fallCleared":true,"kicked":false,"extraFall":false,"replayChecked":true}
{"family":"recovery","seed":1,"condition":"walking","axis":"roll","upright":false,"fallCleared":false,"kicked":false,"extraFall":false,"replayChecked":false}
{"family":"recovery","seed":1,"condition":"recover","axis":"roll","upright":true,"fallCleared":true,"kicked":false,"extraFall":false,"replayChecked":true}
{"family":"recovery","seed":2,"condition":"walking","axis":"roll","upright":false,"fallCleared":false,"kicked":false,"extraFall":false,"replayChecked":false}
{"family":"recovery","seed":2,"condition":"recover","axis":"roll","upright":true,"fallCleared":true,"kicked":false,"extraFall":false,"replayChecked":true}
{"family":"recovery","seed":3,"condition":"walking","axis":"roll","upright":false,"fallCleared":false,"kicked":false,"extraFall":false,"replayChecked":false}
{"family":"recovery","seed":3,"condition":"recover","axis":"roll","upright":true,"fallCleared":true,"kicked":false,"extraFall":false,"replayChecked":true}
{"family":"recovery","seed":4,"condition":"walking","axis":"roll","upright":false,"fallCleared":false,"kicked":false,"extraFall":false,"replayChecked":false}
{"family":"recovery","seed":4,"condition":"recover","axis":"roll","upright":true,"fallCleared":true,"kicked":false,"extraFall":false,"replayChecked":true}
{"family":"recovery","seed":5,"condition":"walking","axis":"roll","upright":false,"fallCleared":false,"kicked":false,"extraFall":false,"replayChecked":false}
{"family":"recovery","seed":5,"condition":"recover","axis":"roll","upright":true,"fallCleared":true,"kicked":false,"extraFall":false,"replayChecked":true}
{"family":"recovery","seed":6,"condition":"walking","axis":"roll","upright":false,"fallCleared":false,"kicked":false,"extraFall":false,"replayChecked":false}
{"family":"recovery","seed":6,"condition":"recover","axis":"roll","upright":true,"fallCleared":true,"kicked":false,"extraFall":false,"replayChecked":true}
{"family":"recovery","seed":7,"condition":"walking","axis":"roll","upright":false,"fallCleared":false,"kicked":false,"extraFall":false,"replayChecked":false}
{"family":"recovery","seed":7,"condition":"recover","axis":"roll","upright":true,"fallCleared":true,"kicked":false,"extraFall":false,"replayChecked":true}
{"family":"recovery","seed":8,"condition":"walking","axis":"pitch","upright":false,"fallCleared":false,"kicked":false,"extraFall":false,"replayChecked":false}
{"family":"recovery","seed":8,"condition":"recover","axis":"pitch","upright":true,"fallCleared":true,"kicked":false,"extraFall":false,"replayChecked":true}
{"family":"recovery","seed":9,"condition":"walking","axis":"pitch","upright":false,"fallCleared":false,"kicked":false,"extraFall":false,"replayChecked":false}
{"family":"recovery","seed":9,"condition":"recover","axis":"pitch","upright":true,"fallCleared":true,"kicked":false,"extraFall":false,"replayChecked":true}
{"family":"recovery","seed":10,"condition":"walking","axis":"pitch","upright":false,"fallCleared":false,"kicked":false,"extraFall":false,"replayChecked":false}
{"family":"recovery","seed":10,"condition":"recover","axis":"pitch","upright":true,"fallCleared":false,"kicked":false,"extraFall":false,"replayChecked":true}
{"family":"recovery","seed":11,"condition":"walking","axis":"pitch","upright":false,"fallCleared":false,"kicked":false,"extraFall":false,"replayChecked":false}
{"family":"recovery","seed":11,"condition":"recover","axis":"pitch","upright":true,"fallCleared":true,"kicked":false,"extraFall":false,"replayChecked":true}
{"family":"recovery","seed":12,"condition":"walking","axis":"pitch","upright":false,"fallCleared":false,"kicked":false,"extraFall":false,"replayChecked":false}
{"family":"recovery","seed":12,"condition":"recover","axis":"pitch","upright":true,"fallCleared":true,"kicked":false,"extraFall":false,"replayChecked":true}
{"family":"recovery","seed":13,"condition":"walking","axis":"pitch","upright":false,"fallCleared":false,"kicked":false,"extraFall":false,"replayChecked":false}
{"family":"recovery","seed":13,"condition":"recover","axis":"pitch","upright":true,"fallCleared":true,"kicked":false,"extraFall":false,"replayChecked":true}
{"family":"recovery","seed":14,"condition":"walking","axis":"pitch","upright":false,"fallCleared":false,"kicked":false,"extraFall":false,"replayChecked":false}
{"family":"recovery","seed":14,"condition":"recover","axis":"pitch","upright":true,"fallCleared":true,"kicked":false,"extraFall":false,"replayChecked":true}
{"family":"recovery","seed":15,"condition":"walking","axis":"pitch","upright":false,"fallCleared":false,"kicked":false,"extraFall":false,"replayChecked":false}
{"family":"recovery","seed":15,"condition":"recover","axis":"pitch","upright":true,"fallCleared":true,"kicked":false,"extraFall":false,"replayChecked":true}
{"family":"trigger","seed":0,"condition":"normal","axis":"roll","upright":true,"fallCleared":true,"kicked":true,"extraFall":false,"replayChecked":true}
{"family":"trigger","seed":0,"condition":"forward-cut","axis":"roll","upright":true,"fallCleared":true,"kicked":false,"extraFall":false,"replayChecked":false}
{"family":"trigger","seed":0,"condition":"covered","axis":"roll","upright":true,"fallCleared":true,"kicked":false,"extraFall":false,"replayChecked":false}
{"family":"trigger","seed":0,"condition":"output-cut","axis":"roll","upright":true,"fallCleared":true,"kicked":false,"extraFall":false,"replayChecked":false}
{"family":"trigger","seed":0,"condition":"stale","axis":"roll","upright":true,"fallCleared":true,"kicked":false,"extraFall":false,"replayChecked":false}
{"family":"trigger","seed":1,"condition":"normal","axis":"roll","upright":true,"fallCleared":true,"kicked":true,"extraFall":false,"replayChecked":true}
{"family":"trigger","seed":1,"condition":"forward-cut","axis":"roll","upright":true,"fallCleared":true,"kicked":false,"extraFall":false,"replayChecked":false}
{"family":"trigger","seed":1,"condition":"covered","axis":"roll","upright":true,"fallCleared":true,"kicked":false,"extraFall":false,"replayChecked":false}
{"family":"trigger","seed":1,"condition":"output-cut","axis":"roll","upright":true,"fallCleared":true,"kicked":false,"extraFall":false,"replayChecked":false}
{"family":"trigger","seed":1,"condition":"stale","axis":"roll","upright":true,"fallCleared":true,"kicked":false,"extraFall":false,"replayChecked":false}
{"family":"trigger","seed":2,"condition":"normal","axis":"roll","upright":true,"fallCleared":true,"kicked":true,"extraFall":false,"replayChecked":true}
{"family":"trigger","seed":2,"condition":"forward-cut","axis":"roll","upright":true,"fallCleared":true,"kicked":false,"extraFall":false,"replayChecked":false}
{"family":"trigger","seed":2,"condition":"covered","axis":"roll","upright":true,"fallCleared":true,"kicked":false,"extraFall":false,"replayChecked":false}
{"family":"trigger","seed":2,"condition":"output-cut","axis":"roll","upright":true,"fallCleared":true,"kicked":false,"extraFall":false,"replayChecked":false}
{"family":"trigger","seed":2,"condition":"stale","axis":"roll","upright":true,"fallCleared":true,"kicked":false,"extraFall":false,"replayChecked":false}
{"family":"trigger","seed":3,"condition":"normal","axis":"roll","upright":true,"fallCleared":true,"kicked":true,"extraFall":false,"replayChecked":true}
{"family":"trigger","seed":3,"condition":"forward-cut","axis":"roll","upright":true,"fallCleared":true,"kicked":false,"extraFall":false,"replayChecked":false}
{"family":"trigger","seed":3,"condition":"covered","axis":"roll","upright":true,"fallCleared":true,"kicked":false,"extraFall":false,"replayChecked":false}
{"family":"trigger","seed":3,"condition":"output-cut","axis":"roll","upright":true,"fallCleared":true,"kicked":false,"extraFall":false,"replayChecked":false}
{"family":"trigger","seed":3,"condition":"stale","axis":"roll","upright":true,"fallCleared":true,"kicked":false,"extraFall":false,"replayChecked":false}
