{"family":"kick","seed":0,"condition":"walking","fallen":false,"upright":true,"ballDistance":0}
{"family":"kick","seed":0,"condition":"kick","fallen":false,"upright":true,"ballDistance":4.812745003851619}
{"family":"kick","seed":1,"condition":"walking","fallen":false,"upright":true,"ballDistance":0}
{"family":"kick","seed":1,"condition":"kick","fallen":false,"upright":true,"ballDistance":4.624844079415291}
{"family":"kick","seed":2,"condition":"walking","fallen":false,"upright":true,"ballDistance":0}
{"family":"kick","seed":2,"condition":"kick","fallen":false,"upright":true,"ballDistance":4.09985373640585}
{"family":"kick","seed":3,"condition":"walking","fallen":false,"upright":true,"ballDistance":0}
{"family":"kick","seed":3,"condition":"kick","fallen":false,"upright":true,"ballDistance":3.542058196625868}
{"family":"kick","seed":4,"condition":"walking","fallen":false,"upright":true,"ballDistance":0}
{"family":"kick","seed":4,"condition":"kick","fallen":false,"upright":true,"ballDistance":4.981965999185948}
{"family":"kick","seed":5,"condition":"walking","fallen":false,"upright":true,"ballDistance":0}
{"family":"kick","seed":5,"condition":"kick","fallen":false,"upright":true,"ballDistance":4.725167376538224}
{"family":"kick","seed":6,"condition":"walking","fallen":false,"upright":true,"ballDistance":0}
{"family":"kick","seed":6,"condition":"kick","fallen":false,"upright":true,"ballDistance":4.3091598588460815}
{"family":"kick","seed":7,"condition":"walking","fallen":false,"upright":true,"ballDistance":0}
{"family":"kick","seed":7,"condition":"kick","fallen":false,"upright":true,"ballDistance":3.8446175798886006}
{"family":"standing","seed":0,"condition":"walking","fallen":false,"upright":true,"ballDistance":null}
{"family":"standing","seed":0,"condition":"standing","fallen":false,"upright":true,"ballDistance":null}
{"family":"standing","seed":1,"condition":"walking","fallen":false,"upright":true,"ballDistance":null}
{"family":"standing","seed":1,"condition":"standing","fallen":false,"upright":true,"ballDistance":null}
{"family":"standing","seed":2,"condition":"walking","fallen":false,"upright":true,"ballDistance":null}
{"family":"standing","seed":2,"condition":"standing","fallen":false,"upright":true,"ballDistance":null}
{"family":"standing","seed":3,"condition":"walking","fallen":false,"upright":true,"ballDistance":null}
{"family":"standing","seed":3,"condition":"standing","fallen":false,"upright":true,"ballDistance":null}
{"family":"standing","seed":4,"condition":"walking","fallen":false,"upright":true,"ballDistance":null}
{"family":"standing","seed":4,"condition":"standing","fallen":false,"upright":true,"ballDistance":null}
{"family":"standing","seed":5,"condition":"walking","fallen":false,"upright":true,"ballDistance":null}
{"family":"standing","seed":5,"condition":"standing","fallen":false,"upright":true,"ballDistance":null}
{"family":"standing","seed":6,"condition":"walking","fallen":false,"upright":true,"ballDistance":null}
{"family":"standing","seed":6,"condition":"standing","fallen":false,"upright":true,"ballDistance":null}
{"family":"standing","seed":7,"condition":"walking","fallen":false,"upright":true,"ballDistance":null}
{"family":"standing","seed":7,"condition":"standing","fallen":false,"upright":true,"ballDistance":null}
{"family":"recovery","seed":0,"condition":"walking","fallen":true,"upright":false,"ballDistance":null}
{"family":"recovery","seed":0,"condition":"standing","fallen":true,"upright":true,"ballDistance":null}
{"family":"recovery","seed":1,"condition":"walking","fallen":true,"upright":false,"ballDistance":null}
{"family":"recovery","seed":1,"condition":"standing","fallen":true,"upright":true,"ballDistance":null}
{"family":"recovery","seed":2,"condition":"walking","fallen":true,"upright":false,"ballDistance":null}
{"family":"recovery","seed":2,"condition":"standing","fallen":true,"upright":true,"ballDistance":null}
{"family":"recovery","seed":3,"condition":"walking","fallen":true,"upright":false,"ballDistance":null}
{"family":"recovery","seed":3,"condition":"standing","fallen":true,"upright":true,"ballDistance":null}
{"family":"recovery","seed":4,"condition":"walking","fallen":true,"upright":false,"ballDistance":null}
{"family":"recovery","seed":4,"condition":"standing","fallen":true,"upright":true,"ballDistance":null}
{"family":"recovery","seed":5,"condition":"walking","fallen":true,"upright":false,"ballDistance":null}
{"family":"recovery","seed":5,"condition":"standing","fallen":true,"upright":true,"ballDistance":null}
{"family":"recovery","seed":6,"condition":"walking","fallen":true,"upright":false,"ballDistance":null}
{"family":"recovery","seed":6,"condition":"standing","fallen":true,"upright":true,"ballDistance":null}
{"family":"recovery","seed":7,"condition":"walking","fallen":true,"upright":false,"ballDistance":null}
{"family":"recovery","seed":7,"condition":"standing","fallen":true,"upright":true,"ballDistance":null}
