Vercel CLI 59.15.1 (Node.js 24.19.0)
Deploying duckfly
Uploading [--------------------] (0.0B/796.9KB)
Uploading [=====---------------] (203.7KB/796.9KB)
Uploading [==========----------] (399.0KB/796.9KB)
Uploading [===============-----] (602.8KB/796.9KB)
Uploading [====================] (796.9KB/796.9KB)
  Inspect         https://vercel.com/contextmind/duckfly/CiRRdA4sKeUDyajUKEijsyAi4uQX
  Production      https://duckfly-rbh5u1u6t-contextmind.vercel.app
Building…
Building…
Running build in Washington, D.C., USA (East) – iad1
Build machine configuration: 4 cores, 8 GB
Retrieving list of deployment files...
Downloading 108 deployment files...
Restored build cache from previous deployment (8osmEKyvVdAQ77cDXVgJ62Ehebg4)
Running "vercel build"
Vercel CLI 59.11.7
Running "install" command: `npm ci --prefix web`...
added 35 packages, and audited 36 packages in 3s
8 packages are looking for funding
run `npm fund` for details
found 0 vulnerabilities
npm warn allow-scripts 1 package has install scripts not yet covered by allowScripts:
npm warn allow-scripts   protobufjs@7.6.6 (postinstall: node scripts/postinstall)
npm warn allow-scripts
npm warn allow-scripts Run `npm approve-scripts --allow-scripts-pending` to review, or `npm approve-scripts <pkg>` to allow.
> duckfly-web@0.1.0 build
> npm run prepare:assets && vite build
> duckfly-web@0.1.0 prepare:assets
> node scripts/prepare-assets.mjs
Prepared shared assets and local WASM runtimes.
[2K[1A[2K[G  Production      https://duckfly-rbh5u1u6t-contextmind.vercel.app
Completing…
▲ Aliased         https://duckfly.vercel.app
{
  "status": "ok",
  "deployment": {
    "id": "dpl_CiRRdA4sKeUDyajUKEijsyAi4uQX",
    "url": "https://duckfly-rbh5u1u6t-contextmind.vercel.app",
    "inspectorUrl": "https://vercel.com/contextmind/duckfly/CiRRdA4sKeUDyajUKEijsyAi4uQX",
    "readyState": "READY",
    "target": "production",
    "deploymentApiUrl": "https://api.vercel.com/v13/deployments/dpl_CiRRdA4sKeUDyajUKEijsyAi4uQX"
  },
  "message": "Deployment duckfly-rbh5u1u6t-contextmind.vercel.app ready.",
  "next": [
    {
      "command": "vercel curl https://duckfly-rbh5u1u6t-contextmind.vercel.app",
      "when": "Verify deployment, including when Deployment Protection is enabled"
    },
    {
      "command": "vercel inspect duckfly-rbh5u1u6t-contextmind.vercel.app --scope contextmind",
      "when": "Inspect deployment"
    },
    {
      "command": "vercel deploy --prod --scope contextmind",
      "when": "Promote to production"
    }
  ]
}
